edges
| simple.swift:12:17:12:24 | call to source() :  | simple.swift:12:13:12:24 | ... .+(_:_:) ... |
| simple.swift:13:13:13:20 | call to source() :  | simple.swift:13:13:13:24 | ... .+(_:_:) ... |
| simple.swift:14:17:14:24 | call to source() :  | simple.swift:14:13:14:24 | ... .-(_:_:) ... |
| simple.swift:15:13:15:20 | call to source() :  | simple.swift:15:13:15:24 | ... .-(_:_:) ... |
| simple.swift:16:17:16:24 | call to source() :  | simple.swift:16:13:16:24 | ... .*(_:_:) ... |
| simple.swift:17:13:17:20 | call to source() :  | simple.swift:17:13:17:24 | ... .*(_:_:) ... |
| simple.swift:18:19:18:26 | call to source() :  | simple.swift:18:13:18:26 | ... ./(_:_:) ... |
| simple.swift:19:13:19:20 | call to source() :  | simple.swift:19:13:19:24 | ... ./(_:_:) ... |
| simple.swift:20:19:20:26 | call to source() :  | simple.swift:20:13:20:26 | ... .%(_:_:) ... |
| simple.swift:21:13:21:20 | call to source() :  | simple.swift:21:13:21:24 | ... .%(_:_:) ... |
| simple.swift:23:14:23:21 | call to source() :  | simple.swift:23:13:23:21 | call to -(_:) |
| simple.swift:40:8:40:15 | call to source() :  | simple.swift:41:13:41:13 | a |
| simple.swift:40:8:40:15 | call to source() :  | simple.swift:43:13:43:13 | a |
| simple.swift:48:8:48:15 | call to source() :  | simple.swift:49:13:49:13 | b |
| simple.swift:48:8:48:15 | call to source() :  | simple.swift:51:13:51:13 | b |
| simple.swift:54:8:54:15 | call to source() :  | simple.swift:55:13:55:13 | c |
| simple.swift:54:8:54:15 | call to source() :  | simple.swift:57:13:57:13 | c |
| simple.swift:60:8:60:15 | call to source() :  | simple.swift:61:13:61:13 | d |
| simple.swift:60:8:60:15 | call to source() :  | simple.swift:63:13:63:13 | d |
| simple.swift:66:8:66:15 | call to source() :  | simple.swift:67:13:67:13 | e |
| simple.swift:66:8:66:15 | call to source() :  | simple.swift:69:13:69:13 | e |
| subscript.swift:13:15:13:22 | call to source() :  | subscript.swift:13:15:13:25 | ...[...] |
| subscript.swift:14:15:14:23 | call to source2() :  | subscript.swift:14:15:14:26 | ...[...] |
| try.swift:9:17:9:24 | call to source() :  | try.swift:9:13:9:24 | try ... |
| try.swift:15:17:15:24 | call to source() :  | try.swift:15:12:15:24 | try! ... |
| try.swift:18:18:18:25 | call to source() :  | try.swift:18:12:18:27 | ...! |
nodes
| simple.swift:12:13:12:24 | ... .+(_:_:) ... | semmle.label | ... .+(_:_:) ... |
| simple.swift:12:17:12:24 | call to source() :  | semmle.label | call to source() :  |
| simple.swift:13:13:13:20 | call to source() :  | semmle.label | call to source() :  |
| simple.swift:13:13:13:24 | ... .+(_:_:) ... | semmle.label | ... .+(_:_:) ... |
| simple.swift:14:13:14:24 | ... .-(_:_:) ... | semmle.label | ... .-(_:_:) ... |
| simple.swift:14:17:14:24 | call to source() :  | semmle.label | call to source() :  |
| simple.swift:15:13:15:20 | call to source() :  | semmle.label | call to source() :  |
| simple.swift:15:13:15:24 | ... .-(_:_:) ... | semmle.label | ... .-(_:_:) ... |
| simple.swift:16:13:16:24 | ... .*(_:_:) ... | semmle.label | ... .*(_:_:) ... |
| simple.swift:16:17:16:24 | call to source() :  | semmle.label | call to source() :  |
| simple.swift:17:13:17:20 | call to source() :  | semmle.label | call to source() :  |
| simple.swift:17:13:17:24 | ... .*(_:_:) ... | semmle.label | ... .*(_:_:) ... |
| simple.swift:18:13:18:26 | ... ./(_:_:) ... | semmle.label | ... ./(_:_:) ... |
| simple.swift:18:19:18:26 | call to source() :  | semmle.label | call to source() :  |
| simple.swift:19:13:19:20 | call to source() :  | semmle.label | call to source() :  |
| simple.swift:19:13:19:24 | ... ./(_:_:) ... | semmle.label | ... ./(_:_:) ... |
| simple.swift:20:13:20:26 | ... .%(_:_:) ... | semmle.label | ... .%(_:_:) ... |
| simple.swift:20:19:20:26 | call to source() :  | semmle.label | call to source() :  |
| simple.swift:21:13:21:20 | call to source() :  | semmle.label | call to source() :  |
| simple.swift:21:13:21:24 | ... .%(_:_:) ... | semmle.label | ... .%(_:_:) ... |
| simple.swift:23:13:23:21 | call to -(_:) | semmle.label | call to -(_:) |
| simple.swift:23:14:23:21 | call to source() :  | semmle.label | call to source() :  |
| simple.swift:40:8:40:15 | call to source() :  | semmle.label | call to source() :  |
| simple.swift:41:13:41:13 | a | semmle.label | a |
| simple.swift:43:13:43:13 | a | semmle.label | a |
| simple.swift:48:8:48:15 | call to source() :  | semmle.label | call to source() :  |
| simple.swift:49:13:49:13 | b | semmle.label | b |
| simple.swift:51:13:51:13 | b | semmle.label | b |
| simple.swift:54:8:54:15 | call to source() :  | semmle.label | call to source() :  |
| simple.swift:55:13:55:13 | c | semmle.label | c |
| simple.swift:57:13:57:13 | c | semmle.label | c |
| simple.swift:60:8:60:15 | call to source() :  | semmle.label | call to source() :  |
| simple.swift:61:13:61:13 | d | semmle.label | d |
| simple.swift:63:13:63:13 | d | semmle.label | d |
| simple.swift:66:8:66:15 | call to source() :  | semmle.label | call to source() :  |
| simple.swift:67:13:67:13 | e | semmle.label | e |
| simple.swift:69:13:69:13 | e | semmle.label | e |
| subscript.swift:13:15:13:22 | call to source() :  | semmle.label | call to source() :  |
| subscript.swift:13:15:13:25 | ...[...] | semmle.label | ...[...] |
| subscript.swift:14:15:14:23 | call to source2() :  | semmle.label | call to source2() :  |
| subscript.swift:14:15:14:26 | ...[...] | semmle.label | ...[...] |
| try.swift:9:13:9:24 | try ... | semmle.label | try ... |
| try.swift:9:17:9:24 | call to source() :  | semmle.label | call to source() :  |
| try.swift:15:12:15:24 | try! ... | semmle.label | try! ... |
| try.swift:15:17:15:24 | call to source() :  | semmle.label | call to source() :  |
| try.swift:18:12:18:27 | ...! | semmle.label | ...! |
| try.swift:18:18:18:25 | call to source() :  | semmle.label | call to source() :  |
subpaths
#select
| simple.swift:12:13:12:24 | ... .+(_:_:) ... | simple.swift:12:17:12:24 | call to source() :  | simple.swift:12:13:12:24 | ... .+(_:_:) ... | result |
| simple.swift:13:13:13:24 | ... .+(_:_:) ... | simple.swift:13:13:13:20 | call to source() :  | simple.swift:13:13:13:24 | ... .+(_:_:) ... | result |
| simple.swift:14:13:14:24 | ... .-(_:_:) ... | simple.swift:14:17:14:24 | call to source() :  | simple.swift:14:13:14:24 | ... .-(_:_:) ... | result |
| simple.swift:15:13:15:24 | ... .-(_:_:) ... | simple.swift:15:13:15:20 | call to source() :  | simple.swift:15:13:15:24 | ... .-(_:_:) ... | result |
| simple.swift:16:13:16:24 | ... .*(_:_:) ... | simple.swift:16:17:16:24 | call to source() :  | simple.swift:16:13:16:24 | ... .*(_:_:) ... | result |
| simple.swift:17:13:17:24 | ... .*(_:_:) ... | simple.swift:17:13:17:20 | call to source() :  | simple.swift:17:13:17:24 | ... .*(_:_:) ... | result |
| simple.swift:18:13:18:26 | ... ./(_:_:) ... | simple.swift:18:19:18:26 | call to source() :  | simple.swift:18:13:18:26 | ... ./(_:_:) ... | result |
| simple.swift:19:13:19:24 | ... ./(_:_:) ... | simple.swift:19:13:19:20 | call to source() :  | simple.swift:19:13:19:24 | ... ./(_:_:) ... | result |
| simple.swift:20:13:20:26 | ... .%(_:_:) ... | simple.swift:20:19:20:26 | call to source() :  | simple.swift:20:13:20:26 | ... .%(_:_:) ... | result |
| simple.swift:21:13:21:24 | ... .%(_:_:) ... | simple.swift:21:13:21:20 | call to source() :  | simple.swift:21:13:21:24 | ... .%(_:_:) ... | result |
| simple.swift:23:13:23:21 | call to -(_:) | simple.swift:23:14:23:21 | call to source() :  | simple.swift:23:13:23:21 | call to -(_:) | result |
| simple.swift:41:13:41:13 | a | simple.swift:40:8:40:15 | call to source() :  | simple.swift:41:13:41:13 | a | result |
| simple.swift:43:13:43:13 | a | simple.swift:40:8:40:15 | call to source() :  | simple.swift:43:13:43:13 | a | result |
| simple.swift:49:13:49:13 | b | simple.swift:48:8:48:15 | call to source() :  | simple.swift:49:13:49:13 | b | result |
| simple.swift:51:13:51:13 | b | simple.swift:48:8:48:15 | call to source() :  | simple.swift:51:13:51:13 | b | result |
| simple.swift:55:13:55:13 | c | simple.swift:54:8:54:15 | call to source() :  | simple.swift:55:13:55:13 | c | result |
| simple.swift:57:13:57:13 | c | simple.swift:54:8:54:15 | call to source() :  | simple.swift:57:13:57:13 | c | result |
| simple.swift:61:13:61:13 | d | simple.swift:60:8:60:15 | call to source() :  | simple.swift:61:13:61:13 | d | result |
| simple.swift:63:13:63:13 | d | simple.swift:60:8:60:15 | call to source() :  | simple.swift:63:13:63:13 | d | result |
| simple.swift:67:13:67:13 | e | simple.swift:66:8:66:15 | call to source() :  | simple.swift:67:13:67:13 | e | result |
| simple.swift:69:13:69:13 | e | simple.swift:66:8:66:15 | call to source() :  | simple.swift:69:13:69:13 | e | result |
| subscript.swift:13:15:13:25 | ...[...] | subscript.swift:13:15:13:22 | call to source() :  | subscript.swift:13:15:13:25 | ...[...] | result |
| subscript.swift:14:15:14:26 | ...[...] | subscript.swift:14:15:14:23 | call to source2() :  | subscript.swift:14:15:14:26 | ...[...] | result |
| try.swift:9:13:9:24 | try ... | try.swift:9:17:9:24 | call to source() :  | try.swift:9:13:9:24 | try ... | result |
| try.swift:15:12:15:24 | try! ... | try.swift:15:17:15:24 | call to source() :  | try.swift:15:12:15:24 | try! ... | result |
| try.swift:18:12:18:27 | ...! | try.swift:18:18:18:25 | call to source() :  | try.swift:18:12:18:27 | ...! | result |
